// Jest Snapshot v1, https://goo.gl/fbAQLP

exports[`As a user i want to see my many converted Check if the component is mounted 1`] = `ReactWrapper {}`;
